i18n Synchronization Log — 2026-09-13 14:02:28
*** DRY RUN — no changes will be made ***
============================================================

[14:02:28] Starting i18n synchronization...
[14:02:28]   Languages directory : /opt/try-clavastack/specter-schnuartz/scenarios/MockUI/src/MockUI/i18n/languages
[14:02:28]   Source directory    : /opt/try-clavastack/specter-schnuartz/scenarios/MockUI
[14:02:28]   Log directory       : /opt/try-clavastack/specter-schnuartz/build
[14:02:28]   Languages to sync   : All
[14:02:28]   Dry run             : True
[14:02:28] 
[14:02:28] === Synchronizing English master file ===
[14:02:28] Scanning source files for i18n keys...
[14:02:28] Found 16 unique i18n keys in 190 UI files
[14:02:28] Missing keys in English file: 4
[14:02:28]   + CONFIRMATION_CANCEL
[14:02:28]   + CONFIRMATION_CONFIRM
[14:02:28]   + ERROR_SCREEN_BACK
[14:02:28]   + ERROR_SCREEN_RETRY
[14:02:28] Obsolete keys in English file: 104
[14:02:28]   - ACTION_SCREEN_BACK
[14:02:28]   - ACTION_SCREEN_PREFIX
[14:02:28]   - ADD_SEED_GENERATE_SECTION
[14:02:28]   - ADD_SEED_GENERATE_SEED
[14:02:28]   - ADD_SEED_IMPORT_SECTION
[14:02:28]   - ADD_SWITCH_SEED_MENU_OTHER_SEEDS
[14:02:28]   - ADD_SWITCH_SEED_MENU_SEEDS_FOR_WALLET
[14:02:28]   - ADD_SWITCH_WALLET_MENU_OTHER_WALLETS
[14:02:28]   - ADD_SWITCH_WALLET_MENU_WALLETS_FOR_SEED
[14:02:28]   - ADD_WALLET_CREATE_CUSTOM
[14:02:28]   - ADD_WALLET_CUSTOM
[14:02:28]   - ADD_WALLET_CUSTOMIZE
[14:02:28]   - ADD_WALLET_IMPORT_FROM
[14:02:28]   - ADD_WALLET_SIGNERS
[14:02:28]   - ADD_WALLET_THRESHOLD
[14:02:28]   - BACKUPS_MENU_BACKUP_TO_SD
[14:02:28]   - BACKUPS_MENU_NO_SD_DETECTED
[14:02:28]   - BACKUPS_MENU_REMOVE_FROM_SD
[14:02:28]   - BACKUPS_MENU_RESTORE_FROM_SD
[14:02:28]   - COMMON_CREATE
[14:02:28]   - COMMON_KEYBOARD
[14:02:28]   - COMMON_MULTISIG
[14:02:28]   - COMMON_NAME
[14:02:28]   - COMMON_SINGLESIG
[14:02:28]   - COMMON_WALLET
[14:02:28]   - CONNECT_WALLETS_BLUEWALLET
[14:02:28]   - CONNECT_WALLETS_NUNCHUCK
[14:02:28]   - CONNECT_WALLETS_OTHER
[14:02:28]   - CONNECT_WALLETS_SPARROW
[14:02:28]   - DEVICE_MENU_DANGERZONE
[14:02:28]   - DEVICE_MENU_DISPLAY
[14:02:28]   - DEVICE_MENU_RESTART_TOUR
[14:02:28]   - DEVICE_MENU_SOUNDS
[14:02:28]   - DEVICE_MENU_WIPE
[14:02:28]   - FIRMWARE_MENU_CURRENT_VERSION
[14:02:28]   - FIRMWARE_MENU_UPDATE_VIA
[14:02:28]   - GENERATE_SEED_FINGERPRINT
[14:02:28]   - GENERATE_SEED_INFO
[14:02:28]   - HARDWARE_INTERNAL_FLASH
[14:02:28]   - HARDWARE_QR_CODE
[14:02:28]   - HARDWARE_SD_CARD
[14:02:28]   - HARDWARE_SMARTCARD
[14:02:28]   - HARDWARE_USB
[14:02:28]   - LOCKED_MENU_ENTER_PIN
[14:02:28]   - LOCKED_MENU_FW_VERSION
[14:02:28]   - LOCKED_MENU_TITLE
[14:02:28]   - MAIN_MENU_CONNECT_COMPANION
[14:02:28]   - MAIN_MENU_CONNECT_SECTION
[14:02:28]   - MAIN_MENU_LOAD_FROM_SD
[14:02:28]   - MAIN_MENU_MANAGE_SEED_WALLET
[14:02:28]   - MAIN_MENU_PROCESS_INPUT
[14:02:28]   - MAIN_MENU_SCAN_QR
[14:02:28]   - MAIN_MENU_SEED_AND_WALLET
[14:02:28]   - MAIN_MENU_SIGN_MESSAGE
[14:02:28]   - MANAGE_SW_SEED_SECTION_TITLE
[14:02:28]   - MANAGE_SW_WALLET_SECTION_TITLE
[14:02:28]   - MENU_ADD_SEED
[14:02:28]   - MENU_ADD_WALLET
[14:02:28]   - MENU_CONNECT_SW_WALLET
[14:02:28]   - MENU_ENABLE_DISABLE_INTERFACES
[14:02:28]   - MENU_GENERATE_SEEDPHRASE
[14:02:28]   - MENU_LANGUAGE
[14:02:28]   - MENU_LOAD_NEW_LANGUAGE
[14:02:28]   - MENU_MANAGE_BACKUPS
[14:02:28]   - MENU_MANAGE_FIRMWARE
[14:02:28]   - MENU_MANAGE_PREFERENCES
[14:02:28]   - MENU_MANAGE_SECURITY
[14:02:28]   - MENU_MANAGE_SEED
[14:02:28]   - MENU_MANAGE_SETTINGS
[14:02:28]   - MENU_MANAGE_STORAGE
[14:02:28]   - MENU_MANAGE_WALLET
[14:02:28]   - MENU_SETTINGS_SECURITY
[14:02:28]   - MENU_SET_PASSPHRASE
[14:02:28]   - MENU_SWITCH_ADD_SEED
[14:02:28]   - MENU_SWITCH_ADD_WALLET
[14:02:28]   - MODAL_CLOSE_BTN
[14:02:28]   - PASSPHRASE_MENU_CLEAR
[14:02:28]   - PASSPHRASE_MENU_LABEL
[14:02:28]   - SECURITY_MENU_CHANGE_PIN
[14:02:28]   - SECURITY_MENU_DURESS_ACTION
[14:02:28]   - SECURITY_MENU_DURESS_PIN
[14:02:28]   - SECURITY_MENU_PIN_ACTION
[14:02:28]   - SECURITY_MENU_PIN_RETRIES
[14:02:28]   - SECURITY_MENU_SELF_TEST
[14:02:28]   - SEEDPHRASE_MENU_ADVANCED
[14:02:28]   - SEEDPHRASE_MENU_BIP85
[14:02:28]   - SEEDPHRASE_MENU_CLEAR_ALL
[14:02:28]   - SEEDPHRASE_MENU_CLEAR_FROM
[14:02:28]   - SEEDPHRASE_MENU_SHOW
[14:02:28]   - SEEDPHRASE_MENU_STORAGE
[14:02:28]   - SEEDPHRASE_MENU_STORE_TO
[14:02:28]   - STORAGE_MENU_INTERNAL_FLASH
[14:02:28]   - STORAGE_MENU_SD_CARD
[14:02:28]   - STORAGE_MENU_SMARTCARD
[14:02:28]   - WALLET_BAR_NO_SEED
[14:02:28]   - WALLET_BAR_NO_WALLET
[14:02:28]   - WALLET_MENU_CHANGE_NETWORK
[14:02:28]   - WALLET_MENU_CONNECT_EXPORT
[14:02:28]   - WALLET_MENU_EXPLORE
[14:02:28]   - WALLET_MENU_EXPORT_DATA
[14:02:28]   - WALLET_MENU_MANAGE
[14:02:28]   - WALLET_MENU_MANAGE_DESCRIPTOR
[14:02:28]   - WALLET_MENU_VIEW_ADDRESSES
[14:02:28]   - WALLET_MENU_VIEW_SIGNERS
[14:02:28] Updating English master file...
[14:02:28] === Synchronizing language files ===
[14:02:28] === Language file: DE ===
[14:02:28] Synchronizing specter_ui_de.json...
[14:02:28]   No changes needed for specter_ui_de.json
[14:02:28] 
[14:02:28] i18n synchronization completed successfully!

[14:02:28] === Dry run completed — no changes were made ===

[14:02:28] Logs written to /opt/try-clavastack/specter-schnuartz/build
